[    2599ms] [INFO] %cDownload the React DevTools for a better development experience: https://react.dev/link/react-devtools font-weight:bold @ http://localhost:3001/_next/static/chunks/node_modules_next_dist_115brz8._.js:2477
[    3110ms] [LOG] [HMR] connected @ http://localhost:3001/_next/static/chunks/node_modules_next_dist_115brz8._.js:2477
[    3183ms] [WARNING] %c%s%c [Telegram] Missing TELEGRAM_TOKEN or TELEGRAM_CHAT_ID in environment variables background: #e6e6e6;background: light-dark(rgba(0,0,0,0.1), rgba(255,255,255,0.25));color: #000000;color: light-dark(#000000, #ffffff);border-radius: 2px  Server   @ http://localhost:3001/_next/static/chunks/node_modules_next_dist_115brz8._.js:2477
[    4098ms] [LOG] [Fast Refresh] rebuilding @ http://localhost:3001/_next/static/chunks/node_modules_next_dist_115brz8._.js:2477
[    4624ms] [LOG] [Fast Refresh] done in 637ms @ http://localhost:3001/_next/static/chunks/node_modules_next_dist_115brz8._.js:2477
[    5157ms] [LOG] [Fast Refresh] rebuilding @ http://localhost:3001/_next/static/chunks/node_modules_next_dist_115brz8._.js:2477
[    5218ms] [LOG] [Fast Refresh] done in 161ms @ http://localhost:3001/_next/static/chunks/node_modules_next_dist_115brz8._.js:2477
[    5639ms] [LOG] [Fast Refresh] rebuilding @ http://localhost:3001/_next/static/chunks/node_modules_next_dist_115brz8._.js:2477
[    5772ms] [LOG] [Fast Refresh] done in 240ms @ http://localhost:3001/_next/static/chunks/node_modules_next_dist_115brz8._.js:2477
[   51844ms] [LOG] [Fast Refresh] rebuilding @ http://localhost:3001/_next/static/chunks/node_modules_next_dist_115brz8._.js:2477
[   51846ms] [LOG] [Fast Refresh] done in 102ms @ http://localhost:3001/_next/static/chunks/node_modules_next_dist_115brz8._.js:2477
[   52728ms] [LOG] [Fast Refresh] rebuilding @ http://localhost:3001/_next/static/chunks/node_modules_next_dist_115brz8._.js:2477
[   52789ms] [LOG] [Fast Refresh] done in 162ms @ http://localhost:3001/_next/static/chunks/node_modules_next_dist_115brz8._.js:2477
[   66833ms] [ERROR] WebSocket connection to 'ws://localhost:3001/_next/webpack-hmr?id=RUrS65cymOckLOJo4qCyA' failed: Error in connection establishment: net::ERR_CONNECTION_REFUSED @ http://localhost:3001/_next/static/chunks/node_modules_next_dist_client_0fhqo1d._.js:13322
[   67834ms] [ERROR] WebSocket connection to 'ws://localhost:3001/_next/webpack-hmr?id=RUrS65cymOckLOJo4qCyA' failed: Error in connection establishment: net::ERR_CONNECTION_REFUSED @ http://localhost:3001/_next/static/chunks/node_modules_next_dist_client_0fhqo1d._.js:13322
[   68836ms] [ERROR] WebSocket connection to 'ws://localhost:3001/_next/webpack-hmr?id=RUrS65cymOckLOJo4qCyA' failed: Error in connection establishment: net::ERR_CONNECTION_REFUSED @ http://localhost:3001/_next/static/chunks/node_modules_next_dist_client_0fhqo1d._.js:13322
[   69837ms] [ERROR] WebSocket connection to 'ws://localhost:3001/_next/webpack-hmr?id=RUrS65cymOckLOJo4qCyA' failed: Error in connection establishment: net::ERR_CONNECTION_REFUSED @ http://localhost:3001/_next/static/chunks/node_modules_next_dist_client_0fhqo1d._.js:13322
[   70839ms] [ERROR] WebSocket connection to 'ws://localhost:3001/_next/webpack-hmr?id=RUrS65cymOckLOJo4qCyA' failed: Error in connection establishment: net::ERR_CONNECTION_REFUSED @ http://localhost:3001/_next/static/chunks/node_modules_next_dist_client_0fhqo1d._.js:13322
[   75840ms] [ERROR] WebSocket connection to 'ws://localhost:3001/_next/webpack-hmr?id=RUrS65cymOckLOJo4qCyA' failed: Error in connection establishment: net::ERR_CONNECTION_REFUSED @ http://localhost:3001/_next/static/chunks/node_modules_next_dist_client_0fhqo1d._.js:13322
[   80841ms] [ERROR] WebSocket connection to 'ws://localhost:3001/_next/webpack-hmr?id=RUrS65cymOckLOJo4qCyA' failed: Error in connection establishment: net::ERR_CONNECTION_REFUSED @ http://localhost:3001/_next/static/chunks/node_modules_next_dist_client_0fhqo1d._.js:13322
[   85854ms] [ERROR] WebSocket connection to 'ws://localhost:3001/_next/webpack-hmr?id=RUrS65cymOckLOJo4qCyA' failed: Error in connection establishment: net::ERR_CONNECTION_REFUSED @ http://localhost:3001/_next/static/chunks/node_modules_next_dist_client_0fhqo1d._.js:13322
[   90870ms] [ERROR] WebSocket connection to 'ws://localhost:3001/_next/webpack-hmr?id=RUrS65cymOckLOJo4qCyA' failed: Error in connection establishment: net::ERR_CONNECTION_REFUSED @ http://localhost:3001/_next/static/chunks/node_modules_next_dist_client_0fhqo1d._.js:13322
[   95879ms] [ERROR] WebSocket connection to 'ws://localhost:3001/_next/webpack-hmr?id=RUrS65cymOckLOJo4qCyA' failed: Error in connection establishment: net::ERR_CONNECTION_REFUSED @ http://localhost:3001/_next/static/chunks/node_modules_next_dist_client_0fhqo1d._.js:13322
[  100898ms] [ERROR] WebSocket connection to 'ws://localhost:3001/_next/webpack-hmr?id=RUrS65cymOckLOJo4qCyA' failed: Error in connection establishment: net::ERR_CONNECTION_REFUSED @ http://localhost:3001/_next/static/chunks/node_modules_next_dist_client_0fhqo1d._.js:13322
[  105910ms] [ERROR] WebSocket connection to 'ws://localhost:3001/_next/webpack-hmr?id=RUrS65cymOckLOJo4qCyA' failed: Error in connection establishment: net::ERR_CONNECTION_REFUSED @ http://localhost:3001/_next/static/chunks/node_modules_next_dist_client_0fhqo1d._.js:13322
